2026-08-19 09:32:04,248 | INFO | run_dir=/Users/imalsky/Documents/Emulators/VULCAN_Project/vulcan-retrieval/runs/w39b_smc_retrieval preset=smoke out_dir=/Users/imalsky/Documents/Emulators/VULCAN_Project/vulcan-retrieval/runs/w39b_smc_retrieval/runs/w39b_smc_retrieval/data/smoke_e2e
2026-08-19 09:32:04,253 | INFO | 
====================================================================================
  RETRIEVAL CONFIG    preset=smoke    WASP-39b    out_dir=/Users/imalsky/Documents/Emulators/VULCAN_Project/vulcan-retrieval/runs/w39b_smc_retrieval/runs/w39b_smc_retrieval/data/smoke_e2e
====================================================================================
  --- forward model ---------------------------------------------------------------
    nz=30   band 2.29-2.34 um   art_nlayer=20
    opacity: correlated-k (ExoMolOP tables, R=1000 bands, H2/He broadening)
    molecules: CO
    broadening=from the ExoMolOP tables
    photo=ON   rayleigh=on   co_mode=fixed_O   two_stage_z=on   reanchor_atom_ini=on
    fastchem baseline metallicity: 10x solar   (lnZ is relative to this)
  --- convergence  (VULCAN-master criteria; slope_cri/yconv_min/flux_cri inherit vulcan_cfg) 
    yconv_cri=0.01   count_max=(vulcan_cfg default)   count_min=(vulcan_cfg default)   warm_count_max=1500 (mutation-proposal cap)
    dt_max=1e+11 s   (physical step cap; master default 1e17 balloons dt -> high-Kzz non-convergence)
    cold-init: draw 1.5xN, REJECT non-converged draws (-inf), keep first N healthy   (warn if reject frac > 10%; raise only if < N survive)
  --- T-P profile -----------------------------------------------------------------
    model=guillot   Tint=150K   f=0.25   g=422cgs   infer_gamma=off
    drawn RAW (no clip); profiles leaving the modelable T window are REJECTED + REDRAWN
  --- data ------------------------------------------------------------------------
    SYNTHETIC (inject-and-recover at truth_*)   band 2.28-2.36 um   groups=['G395H']
  --- SMC  (adaptive-tempered + forward-jvp MALA) ---------------------------------
    N=8   mcmc_steps=2   max_stages=8 (per JOB; RESUME continues)   target_ess_frac=0.5   step=0.2
    preconditioner: full cloud covariance (Cholesky)   step tuning: per-stage Robbins-Monro (pilot inactive)
    gradient_mode=block   chem_mode=warm   warm_extrapolate=off   rt_chunk=16   rt_vjp_chunk=6   chem_chunk=0
    walltime governor: 0.0 h  (no limit)
  --- parameters (8)   [prior : truth] --------------------------------------------
    lnZ               U(-2.303, 2.303)  [1-1e+02x solar]          truth=0
    c_o               U(-1.7, 0.24)  [C/O 0.1-0.7]             truth=0
    lnKzz             U(-4.6, 4.6)  [Kzz x0.01-x99]           truth=0
    Tirr              U(1100, 2200)                            truth=1650
    log10kappa        U(-3.5, 0.5)                            truth=-2
    lnR0              U(-0.08, 0.08)                            truth=0
    log10kappa_cloud  U(-7, 1)                            truth=-6.5
    cloud_alpha       U(0, 6)                            truth=1
====================================================================================

2026-08-19 09:32:04,710 | INFO | Unable to initialize backend 'tpu': INTERNAL: Failed to open libtpu.so: dlopen(libtpu.so, 0x0001): tried: 'libtpu.so' (no such file), '/System/Volumes/Preboot/Cryptexes/OSlibtpu.so' (no such file), '/opt/homebrew/Caskroom/miniforge/base/envs/vulcan/bin/../lib/libtpu.so' (no such file), '/usr/lib/libtpu.so' (no such file, not in dyld cache), 'libtpu.so' (no such file)
2026-08-19 09:32:04,710 | INFO | jax backend=cpu devices=[CpuDevice(id=0)] (x64 flips on during the VULCAN-JAX import inside build_pipeline)
2026-08-19 09:32:58,685 | INFO | Built forward in 50.6s | native n_nu=17 nz=30 n_tp=2 molecules=['CO']
2026-08-19 09:32:58,686 | INFO | Observations: synthetic grid | 3 bins | groups=['SYNTH'] | offset cols=0
2026-08-19 09:32:58,744 | INFO | Built pipeline in 54.0s | n_dim=8: ['lnZ', 'c_o', 'lnKzz', 'Tirr', 'log10kappa', 'lnR0', 'log10kappa_cloud', 'cloud_alpha'] | 3 bins | groups=['SYNTH'] | gradient_mode=block | dtype=float64 two_stage_z=True
2026-08-19 09:32:58,744 | INFO | Generating synthetic observations (injection at truth_*)...
2026-08-19 09:33:41,033 | INFO | Saved synthetic observations: /Users/imalsky/Documents/Emulators/VULCAN_Project/vulcan-retrieval/runs/w39b_smc_retrieval/runs/w39b_smc_retrieval/data/smoke_e2e/observations.npz
2026-08-19 09:33:41,033 | INFO | Depth span 283 ppm | mean sigma 120 ppm | span/sigma 2.4
2026-08-19 09:33:41,033 | INFO | Running adaptive-tempered SMC (N=8, mcmc_steps=2, kernel=preconditioned fwd-jvp MALA)...
2026-08-19 09:33:41,333 | INFO | init 1/2: batched cold two-stage chemistry over 12 draw(s) (likelihood only; reject non-converged, keep 8; wall time = the slowest draw, count_max-bounded)
